// Jest Snapshot v1, https://jestjs.io/docs/snapshot-testing

exports[`Movix handle battle royal 1`] = `
[
  {
    "meta": {
      "countryCodes": [
        "fr",
      ],
      "referer": "https://lecteurvideo.com/embed.php?id=17959&ads=true",
      "title": "Battle Royale (2000)",
    },
    "url": "https://lecteur2.xtremestream.xyz/player/index.php?data=a19acd7d2689207f9047f8cb01357370",
  },
  {
    "meta": {
      "countryCodes": [
        "fr",
      ],
      "referer": "https://lecteurvideo.com/embed.php?id=17959&ads=true",
      "title": "Battle Royale (2000)",
    },
    "url": "https://vidoza.net/embed-55hvynbdyqvc.html",
  },
  {
    "meta": {
      "countryCodes": [
        "fr",
      ],
      "referer": "https://lecteurvideo.com/embed.php?id=17959&ads=true",
      "title": "Battle Royale (2000)",
    },
    "url": "https://wishonly.site/e/kykhuv6tscs8",
  },
  {
    "meta": {
      "countryCodes": [
        "fr",
      ],
      "referer": "https://lecteurvideo.com/embed.php?id=17959&ads=true",
      "title": "Battle Royale (2000)",
    },
    "url": "https://darkibox.com/embed-5ghz7myucfjq.html",
  },
  {
    "meta": {
      "countryCodes": [
        "fr",
      ],
      "referer": "https://lecteurvideo.com/embed.php?id=17959&ads=true",
      "title": "Battle Royale (2000)",
    },
    "url": "https://dood.li/e/gha75crrm8nf",
  },
  {
    "meta": {
      "countryCodes": [
        "fr",
      ],
      "referer": "https://lecteurvideo.com/embed.php?id=17959&ads=true",
      "title": "Battle Royale (2000)",
    },
    "url": "https://filemoon.sx/e/c5lhlypfasmm",
  },
  {
    "meta": {
      "countryCodes": [
        "fr",
      ],
      "referer": "https://lecteurvideo.com/embed.php?id=17959&ads=true",
      "title": "Battle Royale (2000)",
    },
    "url": "https://voe.sx/e/aghpmosgkhsu",
  },
  {
    "meta": {
      "countryCodes": [
        "fr",
      ],
      "referer": "https://lecteurvideo.com/embed.php?id=17959&ads=true",
      "title": "Battle Royale (2000)",
    },
    "url": "http://vidmoly.me/embed-79w00r2qv88n.html",
  },
  {
    "meta": {
      "countryCodes": [
        "fr",
      ],
      "referer": "https://lecteurvideo.com/embed.php?id=17959&ads=true",
      "title": "Battle Royale (2000)",
    },
    "url": "https://waaw.to/f/JWzt5eJSbpu8",
  },
  {
    "meta": {
      "countryCodes": [
        "fr",
      ],
      "referer": "https://lecteurvideo.com/embed.php?id=17959&ads=true",
      "title": "Battle Royale (2000)",
    },
    "url": "https://veev.to/e/lu4c24e3aetf",
  },
  {
    "meta": {
      "countryCodes": [
        "fr",
      ],
      "referer": "https://lecteurvideo.com/embed.php?id=17959&ads=true",
      "title": "Battle Royale (2000)",
    },
    "url": "https://listeamed.net/e/eL2157Kzw8m5rw4",
  },
]
`;

exports[`Movix handle tmdb black mirror s4e2 1`] = `
[
  {
    "meta": {
      "countryCodes": [
        "fr",
      ],
      "referer": "https://lecteurvideo.com/embed.php?id=17320&ads=true",
      "title": "Black Mirror S04E02",
    },
    "url": "https://emmmmbed.com/embed/2eTSaeGl",
  },
  {
    "meta": {
      "countryCodes": [
        "fr",
      ],
      "referer": "https://lecteurvideo.com/embed.php?id=17320&ads=true",
      "title": "Black Mirror S04E02",
    },
    "url": "https://uqload.cx/embed-q81vguywt9i0.html",
  },
  {
    "meta": {
      "countryCodes": [
        "fr",
      ],
      "referer": "https://lecteurvideo.com/embed.php?id=17320&ads=true",
      "title": "Black Mirror S04E02",
    },
    "url": "https://lulustream.com/e/gco6c4nig3j8",
  },
  {
    "meta": {
      "countryCodes": [
        "fr",
      ],
      "referer": "https://lecteurvideo.com/embed.php?id=17320&ads=true",
      "title": "Black Mirror S04E02",
    },
    "url": "https://wishonly.site/e/wfyqtf40705r",
  },
  {
    "meta": {
      "countryCodes": [
        "fr",
      ],
      "referer": "https://lecteurvideo.com/embed.php?id=17320&ads=true",
      "title": "Black Mirror S04E02",
    },
    "url": "https://voe.sx/e/bkudbtvcuyfs",
  },
  {
    "meta": {
      "countryCodes": [
        "fr",
      ],
      "referer": "https://lecteurvideo.com/embed.php?id=17320&ads=true",
      "title": "Black Mirror S04E02",
    },
    "url": "http://vidmoly.me/embed-mryuqqqqvaol.html",
  },
  {
    "meta": {
      "countryCodes": [
        "fr",
      ],
      "referer": "https://lecteurvideo.com/embed.php?id=17320&ads=true",
      "title": "Black Mirror S04E02",
    },
    "url": "https://waaw.to/f/k5J2cLKG47kz",
  },
  {
    "meta": {
      "countryCodes": [
        "fr",
      ],
      "referer": "https://lecteurvideo.com/embed.php?id=17320&ads=true",
      "title": "Black Mirror S04E02",
    },
    "url": "https://veev.to/e/fvltzfjrz4ix",
  },
  {
    "meta": {
      "countryCodes": [
        "fr",
      ],
      "referer": "https://lecteurvideo.com/embed.php?id=17320&ads=true",
      "title": "Black Mirror S04E02",
    },
    "url": "https://coflix.upn.one/#t1fedp",
  },
  {
    "meta": {
      "countryCodes": [
        "fr",
      ],
      "referer": "https://lecteurvideo.com/embed.php?id=17320&ads=true",
      "title": "Black Mirror S04E02",
    },
    "url": "https://minochinos.com/embed/16b4o3oprf6v.html",
  },
  {
    "meta": {
      "countryCodes": [
        "fr",
      ],
      "referer": "https://lecteurvideo.com/embed.php?id=17320&ads=true",
      "title": "Black Mirror S04E02",
    },
    "url": "https://dsvplay.com/e/bd1f2vv4fax6",
  },
]
`;

exports[`Movix handles non-existent movie gracefully 1`] = `[]`;

exports[`Movix handles non-existent show gracefully 1`] = `[]`;
