// Jest Snapshot v1, https://jestjs.io/docs/snapshot-testing

exports[`Vidsonic vidsonic.net embed 1`] = `
[
  {
    "format": "hls",
    "label": "Vidsonic",
    "meta": {
      "extractorId": "vidsonic",
      "height": 1080,
      "title": "Test Movie 2024 1080p",
    },
    "requestHeaders": {
      "Origin": "https://vidsonic.net",
    },
    "ttl": 43200000,
    "url": "https://st-us-01.vidsonic.net/secure/98/6kdnd2tr020f/master.m3u8?server_id=3&expires=1234567890",
  },
]
`;

exports[`Vidsonic vidsonic.net without hex string returns error 1`] = `
[
  {
    "error": [Error: Could not find hex-encoded video URL in Vidsonic page],
    "format": "unknown",
    "isExternal": true,
    "label": "Vidsonic",
    "meta": {
      "extractorId": "vidsonic",
    },
    "ttl": 0,
    "url": "https://vidsonic.net/e/nourl",
  },
]
`;
